device=cuda:1 depths=[2, 4, 6, 8] seeds=[42, 43, 44, 45, 46]
[T] D=2 seed=42 eta=0.1   proc->out=+0.3039 out->proc=+0.3026 cos(g,g)=+0.30348
[T] D=2 seed=42 eta=1.0   proc->out=+0.3052 out->proc=+0.2952 cos(g,g)=+0.30348
[T] D=2 seed=42 eta=10.0  proc->out=-0.7513 out->proc=-3.6835 cos(g,g)=+0.30348
[T] D=2 seed=43 eta=0.1   proc->out=+0.3072 out->proc=+0.3092 cos(g,g)=+0.30985
[T] D=2 seed=43 eta=1.0   proc->out=+0.2832 out->proc=+0.3014 cos(g,g)=+0.30985
[T] D=2 seed=43 eta=10.0  proc->out=+0.0831 out->proc=-0.3001 cos(g,g)=+0.30985
[T] D=2 seed=44 eta=0.1   proc->out=+0.3307 out->proc=+0.3265 cos(g,g)=+0.32831
[T] D=2 seed=44 eta=1.0   proc->out=+0.3560 out->proc=+0.3079 cos(g,g)=+0.32831
[T] D=2 seed=44 eta=10.0  proc->out=+0.9876 out->proc=-0.0922 cos(g,g)=+0.32831
[T] D=2 seed=45 eta=0.1   proc->out=+0.3156 out->proc=+0.3077 cos(g,g)=+0.31139
[T] D=2 seed=45 eta=1.0   proc->out=+0.3577 out->proc=+0.2786 cos(g,g)=+0.31139
[T] D=2 seed=45 eta=10.0  proc->out=+1.5817 out->proc=-0.5341 cos(g,g)=+0.31139
[T] D=2 seed=46 eta=0.1   proc->out=+0.3256 out->proc=+0.3314 cos(g,g)=+0.33044
[T] D=2 seed=46 eta=1.0   proc->out=+0.2839 out->proc=+0.3382 cos(g,g)=+0.33044
[T] D=2 seed=46 eta=10.0  proc->out=-0.2302 out->proc=-1.0294 cos(g,g)=+0.33044
[T] D=4 seed=42 eta=0.1   proc->out=+0.5310 out->proc=+0.5157 cos(g,g)=+0.52401
[T] D=4 seed=42 eta=1.0   proc->out=+0.6057 out->proc=+0.4497 cos(g,g)=+0.52401
[T] D=4 seed=42 eta=10.0  proc->out=-2.1582 out->proc=+0.2927 cos(g,g)=+0.52401
[T] D=4 seed=43 eta=0.1   proc->out=+0.5207 out->proc=+0.5169 cos(g,g)=+0.51785
[T] D=4 seed=43 eta=1.0   proc->out=+0.5545 out->proc=+0.5054 cos(g,g)=+0.51785
[T] D=4 seed=43 eta=10.0  proc->out=+4.1284 out->proc=+0.6323 cos(g,g)=+0.51785
[T] D=4 seed=44 eta=0.1   proc->out=+0.5063 out->proc=+0.4985 cos(g,g)=+0.50317
[T] D=4 seed=44 eta=1.0   proc->out=+0.5427 out->proc=+0.4571 cos(g,g)=+0.50317
[T] D=4 seed=44 eta=10.0  proc->out=+0.2830 out->proc=+0.0118 cos(g,g)=+0.50317
[T] D=4 seed=45 eta=0.1   proc->out=+0.5283 out->proc=+0.5207 cos(g,g)=+0.52606
[T] D=4 seed=45 eta=1.0   proc->out=+0.5522 out->proc=+0.4774 cos(g,g)=+0.52606
[T] D=4 seed=45 eta=10.0  proc->out=+0.1139 out->proc=-0.0148 cos(g,g)=+0.52606
[T] D=4 seed=46 eta=0.1   proc->out=+0.4967 out->proc=+0.5011 cos(g,g)=+0.50101
[T] D=4 seed=46 eta=1.0   proc->out=+0.4683 out->proc=+0.4996 cos(g,g)=+0.50101
[T] D=4 seed=46 eta=10.0  proc->out=+0.3988 out->proc=-10.4134 cos(g,g)=+0.50101
[T] D=6 seed=42 eta=0.1   proc->out=+0.6072 out->proc=+0.6371 cos(g,g)=+0.62468
[T] D=6 seed=42 eta=1.0   proc->out=+0.5226 out->proc=+0.5373 cos(g,g)=+0.62468
[T] D=6 seed=42 eta=10.0  proc->out=+0.1563 out->proc=+5.7821 cos(g,g)=+0.62468
[T] D=6 seed=43 eta=0.1   proc->out=+0.5672 out->proc=+0.5665 cos(g,g)=+0.56668
[T] D=6 seed=43 eta=1.0   proc->out=+0.5956 out->proc=+0.4220 cos(g,g)=+0.56668
[T] D=6 seed=43 eta=10.0  proc->out=+0.4273 out->proc=+1.9187 cos(g,g)=+0.56668
[T] D=6 seed=44 eta=0.1   proc->out=+0.5932 out->proc=+0.5867 cos(g,g)=+0.59198
[T] D=6 seed=44 eta=1.0   proc->out=+0.6299 out->proc=+0.4842 cos(g,g)=+0.59198
[T] D=6 seed=44 eta=10.0  proc->out=+0.5980 out->proc=+1.1729 cos(g,g)=+0.59198
[T] D=6 seed=45 eta=0.1   proc->out=+0.6220 out->proc=+0.6152 cos(g,g)=+0.62044
[T] D=6 seed=45 eta=1.0   proc->out=+0.6651 out->proc=+0.5281 cos(g,g)=+0.62044
[T] D=6 seed=45 eta=10.0  proc->out=+1.0086 out->proc=+1.0183 cos(g,g)=+0.62044
[T] D=6 seed=46 eta=0.1   proc->out=+0.6183 out->proc=+0.5962 cos(g,g)=+0.60977
[T] D=6 seed=46 eta=1.0   proc->out=+0.7123 out->proc=+0.4732 cos(g,g)=+0.60977
[T] D=6 seed=46 eta=10.0  proc->out=-6.0342 out->proc=+0.1835 cos(g,g)=+0.60977
[T] D=8 seed=42 eta=0.1   proc->out=+0.5634 out->proc=+0.5442 cos(g,g)=+0.56591
[T] D=8 seed=42 eta=1.0   proc->out=+0.6394 out->proc=-0.6348 cos(g,g)=+0.56591
[T] D=8 seed=42 eta=10.0  proc->out=+0.8403 out->proc=+1.6775 cos(g,g)=+0.56591
[T] D=8 seed=43 eta=0.1   proc->out=+0.5863 out->proc=+0.5761 cos(g,g)=+0.59600
[T] D=8 seed=43 eta=1.0   proc->out=+0.6069 out->proc=-0.7454 cos(g,g)=+0.59600
[T] D=8 seed=43 eta=10.0  proc->out=+7.5759 out->proc=+0.4289 cos(g,g)=+0.59600
[T] D=8 seed=44 eta=0.1   proc->out=+0.5938 out->proc=+0.5947 cos(g,g)=+0.60483
[T] D=8 seed=44 eta=1.0   proc->out=+0.9341 out->proc=-5.5068 cos(g,g)=+0.60483
[T] D=8 seed=44 eta=10.0  proc->out=+0.2234 out->proc=+4.2639 cos(g,g)=+0.60483
[T] D=8 seed=45 eta=0.1   proc->out=+0.5730 out->proc=+0.5947 cos(g,g)=+0.59941
[T] D=8 seed=45 eta=1.0   proc->out=+1.1946 out->proc=-10.7241 cos(g,g)=+0.59941
[T] D=8 seed=45 eta=10.0  proc->out=+0.0621 out->proc=+16.1925 cos(g,g)=+0.59941
[T] D=8 seed=46 eta=0.1   proc->out=+0.5529 out->proc=+0.5442 cos(g,g)=+0.55877
[T] D=8 seed=46 eta=1.0   proc->out=+0.5976 out->proc=-0.8529 cos(g,g)=+0.55877
[T] D=8 seed=46 eta=10.0  proc->out=+0.6412 out->proc=+4.0981 cos(g,g)=+0.55877

wrote /home/hariguru/aayus/trace/results/gradient_transfer/summary.json
