{"step": 0, "mode": "process", "answer": 0.0, "local": 0.06490384787321091, "composition_tv": 1.0, "gradient_cosine": null, "elapsed_seconds": 0.2}
{"step": 0, "mode": "outcome", "answer": 0.0, "local": null, "composition_tv": null, "gradient_cosine": null, "elapsed_seconds": 0.2}
{"step": 0, "mode": "both", "answer": 0.0, "local": 0.06490384787321091, "composition_tv": 0.7979015707969666, "gradient_cosine": 0.4113298435097436, "elapsed_seconds": 1.2}
trained 100/2000; elapsed 11.9s
{"step": 100, "mode": "process", "answer": 0.418, "local": 0.6394230723381042, "composition_tv": 0.65064936876297, "gradient_cosine": null, "elapsed_seconds": 12.1}
{"step": 100, "mode": "outcome", "answer": 0.3594, "local": null, "composition_tv": null, "gradient_cosine": null, "elapsed_seconds": 12.1}
{"step": 100, "mode": "both", "answer": 0.3203, "local": 0.5721153616905212, "composition_tv": 0.23695769906044006, "gradient_cosine": 0.7303133647558102, "elapsed_seconds": 13.0}
trained 200/2000; elapsed 23.1s
trained 300/2000; elapsed 27.2s
trained 400/2000; elapsed 31.2s
trained 500/2000; elapsed 35.1s
{"step": 500, "mode": "process", "answer": 1.0, "local": 1.0, "composition_tv": 0.0024485152680426836, "gradient_cosine": null, "elapsed_seconds": 35.3}
{"step": 500, "mode": "outcome", "answer": 0.5742, "local": null, "composition_tv": null, "gradient_cosine": null, "elapsed_seconds": 35.3}
{"step": 500, "mode": "both", "answer": 0.5898, "local": 0.9879807829856873, "composition_tv": 0.5983102321624756, "gradient_cosine": 0.3019362781104504, "elapsed_seconds": 36.2}
trained 600/2000; elapsed 46.1s
trained 700/2000; elapsed 50.1s
trained 800/2000; elapsed 53.7s
trained 900/2000; elapsed 57.5s
trained 1000/2000; elapsed 61.2s
{"step": 1000, "mode": "process", "answer": 1.0, "local": 1.0, "composition_tv": 0.0006331920740194619, "gradient_cosine": null, "elapsed_seconds": 61.4}
{"step": 1000, "mode": "outcome", "answer": 0.5977, "local": null, "composition_tv": null, "gradient_cosine": null, "elapsed_seconds": 61.4}
{"step": 1000, "mode": "both", "answer": 0.6758, "local": 0.9975961446762085, "composition_tv": 0.5513402819633484, "gradient_cosine": 0.15192042767288155, "elapsed_seconds": 62.3}
trained 1100/2000; elapsed 72.0s
trained 1200/2000; elapsed 75.9s
trained 1300/2000; elapsed 80.0s
trained 1400/2000; elapsed 84.0s
trained 1500/2000; elapsed 87.9s
trained 1600/2000; elapsed 91.8s
trained 1700/2000; elapsed 95.4s
trained 1800/2000; elapsed 99.4s
trained 1900/2000; elapsed 103.5s
trained 2000/2000; elapsed 107.3s
{"step": 2000, "mode": "process", "answer": 1.0, "local": 1.0, "composition_tv": 0.00019405578495934606, "gradient_cosine": null, "elapsed_seconds": 107.5}
{"step": 2000, "mode": "outcome", "answer": 0.6719, "local": null, "composition_tv": null, "gradient_cosine": null, "elapsed_seconds": 107.5}
{"step": 2000, "mode": "both", "answer": 0.7461, "local": 0.995192289352417, "composition_tv": 0.4988398551940918, "gradient_cosine": 0.15889189048315028, "elapsed_seconds": 108.4}
Saved comparison to /home/hariguru/aayus/trace/results/executor_comparison/depth_replication/depth2_seed45
