{"step": 0, "mode": "process", "answer": 0.0039, "local": 0.05528846010565758, "composition_tv": 0.9921115040779114, "gradient_cosine": null, "elapsed_seconds": 0.2}
{"step": 0, "mode": "outcome", "answer": 0.0, "local": null, "composition_tv": null, "gradient_cosine": null, "elapsed_seconds": 0.2}
{"step": 0, "mode": "both", "answer": 0.0039, "local": 0.05528846010565758, "composition_tv": 0.7764843106269836, "gradient_cosine": 0.4413337280571006, "elapsed_seconds": 1.2}
trained 100/2000; elapsed 12.2s
{"step": 100, "mode": "process", "answer": 0.4023, "local": 0.6105769276618958, "composition_tv": 0.6697849035263062, "gradient_cosine": null, "elapsed_seconds": 12.3}
{"step": 100, "mode": "outcome", "answer": 0.3242, "local": null, "composition_tv": null, "gradient_cosine": null, "elapsed_seconds": 12.4}
{"step": 100, "mode": "both", "answer": 0.3477, "local": 0.5709134340286255, "composition_tv": 0.20510859787464142, "gradient_cosine": 0.7972170126229203, "elapsed_seconds": 13.3}
trained 200/2000; elapsed 23.3s
trained 300/2000; elapsed 27.2s
trained 400/2000; elapsed 30.9s
trained 500/2000; elapsed 34.8s
{"step": 500, "mode": "process", "answer": 1.0, "local": 1.0, "composition_tv": 0.0039967261254787445, "gradient_cosine": null, "elapsed_seconds": 34.9}
{"step": 500, "mode": "outcome", "answer": 0.4492, "local": null, "composition_tv": null, "gradient_cosine": null, "elapsed_seconds": 35.0}
{"step": 500, "mode": "both", "answer": 0.4297, "local": 0.9927884340286255, "composition_tv": 0.789743959903717, "gradient_cosine": 0.23723598150267816, "elapsed_seconds": 35.8}
trained 600/2000; elapsed 45.6s
trained 700/2000; elapsed 49.4s
trained 800/2000; elapsed 53.3s
trained 900/2000; elapsed 57.0s
trained 1000/2000; elapsed 60.7s
{"step": 1000, "mode": "process", "answer": 1.0, "local": 1.0, "composition_tv": 0.0009417125838808715, "gradient_cosine": null, "elapsed_seconds": 60.9}
{"step": 1000, "mode": "outcome", "answer": 0.4727, "local": null, "composition_tv": null, "gradient_cosine": null, "elapsed_seconds": 60.9}
{"step": 1000, "mode": "both", "answer": 0.3672, "local": 1.0, "composition_tv": 0.8182118535041809, "gradient_cosine": 0.126470974525112, "elapsed_seconds": 61.7}
trained 1100/2000; elapsed 71.5s
trained 1200/2000; elapsed 75.3s
trained 1300/2000; elapsed 79.0s
trained 1400/2000; elapsed 82.6s
trained 1500/2000; elapsed 86.2s
trained 1600/2000; elapsed 89.9s
trained 1700/2000; elapsed 93.5s
trained 1800/2000; elapsed 97.2s
trained 1900/2000; elapsed 101.0s
trained 2000/2000; elapsed 104.9s
{"step": 2000, "mode": "process", "answer": 1.0, "local": 1.0, "composition_tv": 0.00027455887175165117, "gradient_cosine": null, "elapsed_seconds": 105.1}
{"step": 2000, "mode": "outcome", "answer": 0.6133, "local": null, "composition_tv": null, "gradient_cosine": null, "elapsed_seconds": 105.1}
{"step": 2000, "mode": "both", "answer": 0.4844, "local": 1.0, "composition_tv": 0.8194122314453125, "gradient_cosine": 0.012785390052971034, "elapsed_seconds": 105.9}
Saved comparison to /home/hariguru/aayus/trace/results/executor_comparison/depth_replication/depth2_seed42
