{"step": 0, "mode": "process", "answer": 0.0, "local": 0.0625, "composition_tv": 1.0, "gradient_cosine": null, "elapsed_seconds": 0.5}
{"step": 0, "mode": "outcome", "answer": 0.0, "local": null, "composition_tv": null, "gradient_cosine": null, "elapsed_seconds": 0.5}
{"step": 0, "mode": "both", "answer": 0.0, "local": 0.0625, "composition_tv": 0.7564715147018433, "gradient_cosine": 0.2215405465404817, "elapsed_seconds": 1.9}
trained 100/2000; elapsed 13.2s
{"step": 100, "mode": "process", "answer": 0.207, "local": 0.65625, "composition_tv": 0.756024181842804, "gradient_cosine": null, "elapsed_seconds": 13.6}
{"step": 100, "mode": "outcome", "answer": 0.1211, "local": null, "composition_tv": null, "gradient_cosine": null, "elapsed_seconds": 13.6}
{"step": 100, "mode": "both", "answer": 0.1055, "local": 0.5817307829856873, "composition_tv": 0.22011975944042206, "gradient_cosine": 0.5261081558620556, "elapsed_seconds": 15.1}
trained 200/2000; elapsed 26.2s
trained 300/2000; elapsed 31.3s
trained 400/2000; elapsed 36.4s
trained 500/2000; elapsed 41.5s
{"step": 500, "mode": "process", "answer": 1.0, "local": 1.0, "composition_tv": 0.005516623612493277, "gradient_cosine": null, "elapsed_seconds": 42.0}
{"step": 500, "mode": "outcome", "answer": 0.1719, "local": null, "composition_tv": null, "gradient_cosine": null, "elapsed_seconds": 42.0}
{"step": 500, "mode": "both", "answer": 0.2148, "local": 0.9975961446762085, "composition_tv": 0.8311880826950073, "gradient_cosine": 0.1355494471551974, "elapsed_seconds": 43.5}
trained 600/2000; elapsed 54.6s
trained 700/2000; elapsed 59.7s
trained 800/2000; elapsed 64.8s
trained 900/2000; elapsed 70.1s
trained 1000/2000; elapsed 75.4s
{"step": 1000, "mode": "process", "answer": 1.0, "local": 1.0, "composition_tv": 0.0014456463977694511, "gradient_cosine": null, "elapsed_seconds": 75.8}
{"step": 1000, "mode": "outcome", "answer": 0.2266, "local": null, "composition_tv": null, "gradient_cosine": null, "elapsed_seconds": 75.8}
{"step": 1000, "mode": "both", "answer": 0.1953, "local": 1.0, "composition_tv": 0.8425752520561218, "gradient_cosine": 0.07753849179821996, "elapsed_seconds": 77.3}
trained 1100/2000; elapsed 88.3s
trained 1200/2000; elapsed 93.3s
trained 1300/2000; elapsed 98.2s
trained 1400/2000; elapsed 103.2s
trained 1500/2000; elapsed 108.3s
trained 1600/2000; elapsed 113.4s
trained 1700/2000; elapsed 118.4s
trained 1800/2000; elapsed 123.5s
trained 1900/2000; elapsed 128.3s
trained 2000/2000; elapsed 133.4s
{"step": 2000, "mode": "process", "answer": 1.0, "local": 1.0, "composition_tv": 0.00042400500387884676, "gradient_cosine": null, "elapsed_seconds": 133.7}
{"step": 2000, "mode": "outcome", "answer": 0.2109, "local": null, "composition_tv": null, "gradient_cosine": null, "elapsed_seconds": 133.8}
{"step": 2000, "mode": "both", "answer": 0.2695, "local": 1.0, "composition_tv": 0.8497157096862793, "gradient_cosine": 0.010208589959230735, "elapsed_seconds": 135.2}
Saved comparison to /home/hariguru/aayus/trace/results/executor_comparison/depth_replication/depth4_seed43
