{"step": 0, "mode": "process", "answer": 0.0, "local": 0.0625, "composition_tv": 1.0, "gradient_cosine": null, "elapsed_seconds": 0.2}
{"step": 0, "mode": "outcome", "answer": 0.0, "local": null, "composition_tv": null, "gradient_cosine": null, "elapsed_seconds": 0.2}
{"step": 0, "mode": "both", "answer": 0.0, "local": 0.0625, "composition_tv": 0.7982061505317688, "gradient_cosine": 0.35688894795716075, "elapsed_seconds": 1.2}
trained 100/2000; elapsed 12.1s
{"step": 100, "mode": "process", "answer": 0.4492, "local": 0.6598557829856873, "composition_tv": 0.6434277892112732, "gradient_cosine": null, "elapsed_seconds": 12.3}
{"step": 100, "mode": "outcome", "answer": 0.3398, "local": null, "composition_tv": null, "gradient_cosine": null, "elapsed_seconds": 12.3}
{"step": 100, "mode": "both", "answer": 0.3398, "local": 0.5757211446762085, "composition_tv": 0.219684436917305, "gradient_cosine": 0.7580560134621799, "elapsed_seconds": 13.2}
trained 200/2000; elapsed 23.1s
trained 300/2000; elapsed 26.8s
trained 400/2000; elapsed 30.7s
trained 500/2000; elapsed 34.6s
{"step": 500, "mode": "process", "answer": 1.0, "local": 1.0, "composition_tv": 0.002259950852021575, "gradient_cosine": null, "elapsed_seconds": 34.8}
{"step": 500, "mode": "outcome", "answer": 0.5859, "local": null, "composition_tv": null, "gradient_cosine": null, "elapsed_seconds": 34.8}
{"step": 500, "mode": "both", "answer": 0.5586, "local": 0.995192289352417, "composition_tv": 0.6676647663116455, "gradient_cosine": 0.25088715141977175, "elapsed_seconds": 35.7}
trained 600/2000; elapsed 45.1s
trained 700/2000; elapsed 48.9s
trained 800/2000; elapsed 52.3s
trained 900/2000; elapsed 56.0s
trained 1000/2000; elapsed 59.6s
{"step": 1000, "mode": "process", "answer": 1.0, "local": 1.0, "composition_tv": 0.0006407556938938797, "gradient_cosine": null, "elapsed_seconds": 59.7}
{"step": 1000, "mode": "outcome", "answer": 0.6523, "local": null, "composition_tv": null, "gradient_cosine": null, "elapsed_seconds": 59.8}
{"step": 1000, "mode": "both", "answer": 0.625, "local": 0.9975961446762085, "composition_tv": 0.5816845893859863, "gradient_cosine": 0.02016782827416268, "elapsed_seconds": 60.7}
trained 1100/2000; elapsed 70.4s
trained 1200/2000; elapsed 74.0s
trained 1300/2000; elapsed 77.6s
trained 1400/2000; elapsed 81.3s
trained 1500/2000; elapsed 84.8s
trained 1600/2000; elapsed 88.5s
trained 1700/2000; elapsed 92.2s
trained 1800/2000; elapsed 95.8s
trained 1900/2000; elapsed 99.4s
trained 2000/2000; elapsed 102.9s
{"step": 2000, "mode": "process", "answer": 1.0, "local": 1.0, "composition_tv": 0.00018965863273479044, "gradient_cosine": null, "elapsed_seconds": 103.0}
{"step": 2000, "mode": "outcome", "answer": 0.7422, "local": null, "composition_tv": null, "gradient_cosine": null, "elapsed_seconds": 103.0}
{"step": 2000, "mode": "both", "answer": 0.7617, "local": 0.9987980723381042, "composition_tv": 0.45188218355178833, "gradient_cosine": 0.05263114584046867, "elapsed_seconds": 103.9}
Saved comparison to /home/hariguru/aayus/trace/results/executor_comparison/depth_replication/depth2_seed43
