{"step": 0, "mode": "process", "answer": 0.0, "local": 0.06370192021131516, "composition_tv": 1.0, "gradient_cosine": null, "elapsed_seconds": 0.5}
{"step": 0, "mode": "outcome", "answer": 0.0, "local": null, "composition_tv": null, "gradient_cosine": null, "elapsed_seconds": 0.5}
{"step": 0, "mode": "both", "answer": 0.0, "local": 0.06370192021131516, "composition_tv": 0.8236743807792664, "gradient_cosine": 0.2295382142445221, "elapsed_seconds": 1.8}
trained 100/2000; elapsed 13.3s
{"step": 100, "mode": "process", "answer": 0.1641, "local": 0.6322115659713745, "composition_tv": 0.7498292326927185, "gradient_cosine": null, "elapsed_seconds": 13.7}
{"step": 100, "mode": "outcome", "answer": 0.0898, "local": null, "composition_tv": null, "gradient_cosine": null, "elapsed_seconds": 13.8}
{"step": 100, "mode": "both", "answer": 0.0977, "local": 0.5757211446762085, "composition_tv": 0.19345834851264954, "gradient_cosine": 0.5913805463240612, "elapsed_seconds": 15.1}
trained 200/2000; elapsed 26.6s
trained 300/2000; elapsed 31.9s
trained 400/2000; elapsed 36.9s
trained 500/2000; elapsed 41.6s
{"step": 500, "mode": "process", "answer": 1.0, "local": 1.0, "composition_tv": 0.005115932319313288, "gradient_cosine": null, "elapsed_seconds": 41.9}
{"step": 500, "mode": "outcome", "answer": 0.1445, "local": null, "composition_tv": null, "gradient_cosine": null, "elapsed_seconds": 42.0}
{"step": 500, "mode": "both", "answer": 0.1641, "local": 0.9987980723381042, "composition_tv": 0.8557927012443542, "gradient_cosine": 0.07829789671241942, "elapsed_seconds": 43.3}
trained 600/2000; elapsed 54.0s
trained 700/2000; elapsed 58.9s
trained 800/2000; elapsed 63.8s
trained 900/2000; elapsed 68.4s
trained 1000/2000; elapsed 73.0s
{"step": 1000, "mode": "process", "answer": 1.0, "local": 1.0, "composition_tv": 0.0012857059482485056, "gradient_cosine": null, "elapsed_seconds": 73.4}
{"step": 1000, "mode": "outcome", "answer": 0.1758, "local": null, "composition_tv": null, "gradient_cosine": null, "elapsed_seconds": 73.4}
{"step": 1000, "mode": "both", "answer": 0.2188, "local": 0.9975961446762085, "composition_tv": 0.8404432535171509, "gradient_cosine": 0.021123641137654234, "elapsed_seconds": 74.8}
trained 1100/2000; elapsed 85.8s
trained 1200/2000; elapsed 90.5s
trained 1300/2000; elapsed 95.5s
trained 1400/2000; elapsed 100.7s
trained 1500/2000; elapsed 105.8s
trained 1600/2000; elapsed 110.4s
trained 1700/2000; elapsed 115.1s
trained 1800/2000; elapsed 119.9s
trained 1900/2000; elapsed 125.0s
trained 2000/2000; elapsed 129.8s
{"step": 2000, "mode": "process", "answer": 1.0, "local": 1.0, "composition_tv": 0.00035778520395979285, "gradient_cosine": null, "elapsed_seconds": 130.2}
{"step": 2000, "mode": "outcome", "answer": 0.1445, "local": null, "composition_tv": null, "gradient_cosine": null, "elapsed_seconds": 130.2}
{"step": 2000, "mode": "both", "answer": 0.3164, "local": 0.9963942170143127, "composition_tv": 0.8209121823310852, "gradient_cosine": 0.07850539164545889, "elapsed_seconds": 131.5}
Saved comparison to /home/hariguru/aayus/trace/results/executor_comparison/depth_replication/depth4_seed42
