{"step": 0, "mode": "process", "answer": 0.0, "local": 0.0625, "composition_tv": 1.0, "gradient_cosine": null, "elapsed_seconds": 0.2}
{"step": 0, "mode": "outcome", "answer": 0.0, "local": null, "composition_tv": null, "gradient_cosine": null, "elapsed_seconds": 0.2}
{"step": 0, "mode": "both", "answer": 0.0, "local": 0.0625, "composition_tv": 0.7723837494850159, "gradient_cosine": 0.35596874335477496, "elapsed_seconds": 1.2}
trained 100/2000; elapsed 11.2s
{"step": 100, "mode": "process", "answer": 0.4414, "local": 0.6850961446762085, "composition_tv": 0.6271661520004272, "gradient_cosine": null, "elapsed_seconds": 11.4}
{"step": 100, "mode": "outcome", "answer": 0.3398, "local": null, "composition_tv": null, "gradient_cosine": null, "elapsed_seconds": 11.4}
{"step": 100, "mode": "both", "answer": 0.3398, "local": 0.5793269276618958, "composition_tv": 0.25877341628074646, "gradient_cosine": 0.7557642808780255, "elapsed_seconds": 12.1}
trained 200/2000; elapsed 21.9s
trained 300/2000; elapsed 25.8s
trained 400/2000; elapsed 29.7s
trained 500/2000; elapsed 33.3s
{"step": 500, "mode": "process", "answer": 1.0, "local": 1.0, "composition_tv": 0.0023936317302286625, "gradient_cosine": null, "elapsed_seconds": 33.5}
{"step": 500, "mode": "outcome", "answer": 0.4648, "local": null, "composition_tv": null, "gradient_cosine": null, "elapsed_seconds": 33.5}
{"step": 500, "mode": "both", "answer": 0.6172, "local": 0.979567289352417, "composition_tv": 0.5490342974662781, "gradient_cosine": 0.1995923930185178, "elapsed_seconds": 34.3}
trained 600/2000; elapsed 43.6s
trained 700/2000; elapsed 47.4s
trained 800/2000; elapsed 51.2s
trained 900/2000; elapsed 54.9s
trained 1000/2000; elapsed 58.5s
{"step": 1000, "mode": "process", "answer": 1.0, "local": 1.0, "composition_tv": 0.0006312534096650779, "gradient_cosine": null, "elapsed_seconds": 58.7}
{"step": 1000, "mode": "outcome", "answer": 0.4844, "local": null, "composition_tv": null, "gradient_cosine": null, "elapsed_seconds": 58.7}
{"step": 1000, "mode": "both", "answer": 0.6641, "local": 0.9975961446762085, "composition_tv": 0.5199805498123169, "gradient_cosine": 0.08650409393998823, "elapsed_seconds": 59.5}
trained 1100/2000; elapsed 69.1s
trained 1200/2000; elapsed 73.0s
trained 1300/2000; elapsed 76.8s
trained 1400/2000; elapsed 80.7s
trained 1500/2000; elapsed 84.5s
trained 1600/2000; elapsed 88.0s
trained 1700/2000; elapsed 91.6s
trained 1800/2000; elapsed 95.4s
trained 1900/2000; elapsed 99.1s
trained 2000/2000; elapsed 102.6s
{"step": 2000, "mode": "process", "answer": 1.0, "local": 1.0, "composition_tv": 0.00019355604308657348, "gradient_cosine": null, "elapsed_seconds": 102.8}
{"step": 2000, "mode": "outcome", "answer": 0.4648, "local": null, "composition_tv": null, "gradient_cosine": null, "elapsed_seconds": 102.8}
{"step": 2000, "mode": "both", "answer": 0.7891, "local": 1.0, "composition_tv": 0.475330114364624, "gradient_cosine": 0.2313525772886105, "elapsed_seconds": 103.7}
Saved comparison to /home/hariguru/aayus/trace/results/executor_comparison/depth_replication/depth2_seed44
