{"step": 0, "mode": "process", "answer": 0.0273, "local": 0.06370192021131516, "composition_tv": 1.0, "gradient_cosine": null, "elapsed_seconds": 0.8}
{"step": 0, "mode": "outcome", "answer": 0.0, "local": null, "composition_tv": null, "gradient_cosine": null, "elapsed_seconds": 0.8}
{"step": 0, "mode": "both", "answer": 0.0273, "local": 0.06370192021131516, "composition_tv": 0.7875441908836365, "gradient_cosine": 0.36810611920151837, "elapsed_seconds": 2.9}
trained 100/2000; elapsed 16.6s
{"step": 100, "mode": "process", "answer": 0.1602, "local": 0.7019230723381042, "composition_tv": 0.8258833885192871, "gradient_cosine": null, "elapsed_seconds": 17.4}
{"step": 100, "mode": "outcome", "answer": 0.1016, "local": null, "composition_tv": null, "gradient_cosine": null, "elapsed_seconds": 17.5}
{"step": 100, "mode": "both", "answer": 0.0703, "local": 0.5793269276618958, "composition_tv": 0.25082141160964966, "gradient_cosine": 0.5127502738201097, "elapsed_seconds": 19.2}
trained 200/2000; elapsed 33.0s
trained 300/2000; elapsed 39.9s
trained 400/2000; elapsed 46.6s
trained 500/2000; elapsed 53.5s
{"step": 500, "mode": "process", "answer": 1.0, "local": 1.0, "composition_tv": 0.005858623422682285, "gradient_cosine": null, "elapsed_seconds": 54.4}
{"step": 500, "mode": "outcome", "answer": 0.0781, "local": null, "composition_tv": null, "gradient_cosine": null, "elapsed_seconds": 54.5}
{"step": 500, "mode": "both", "answer": 0.0898, "local": 1.0, "composition_tv": 0.8620003461837769, "gradient_cosine": 0.12753959861635605, "elapsed_seconds": 56.4}
trained 600/2000; elapsed 69.2s
trained 700/2000; elapsed 75.8s
trained 800/2000; elapsed 82.6s
trained 900/2000; elapsed 89.1s
trained 1000/2000; elapsed 95.6s
{"step": 1000, "mode": "process", "answer": 1.0, "local": 1.0, "composition_tv": 0.0016677409876137972, "gradient_cosine": null, "elapsed_seconds": 96.5}
{"step": 1000, "mode": "outcome", "answer": 0.0781, "local": null, "composition_tv": null, "gradient_cosine": null, "elapsed_seconds": 96.6}
{"step": 1000, "mode": "both", "answer": 0.0781, "local": 1.0, "composition_tv": 0.8824706077575684, "gradient_cosine": 0.05207399033586931, "elapsed_seconds": 98.7}
trained 1100/2000; elapsed 111.8s
trained 1200/2000; elapsed 118.3s
trained 1300/2000; elapsed 124.9s
trained 1400/2000; elapsed 131.7s
trained 1500/2000; elapsed 138.1s
trained 1600/2000; elapsed 144.6s
trained 1700/2000; elapsed 151.1s
trained 1800/2000; elapsed 157.6s
trained 1900/2000; elapsed 164.2s
trained 2000/2000; elapsed 170.9s
{"step": 2000, "mode": "process", "answer": 1.0, "local": 1.0, "composition_tv": 0.0005369470454752445, "gradient_cosine": null, "elapsed_seconds": 171.8}
{"step": 2000, "mode": "outcome", "answer": 0.0898, "local": null, "composition_tv": null, "gradient_cosine": null, "elapsed_seconds": 171.9}
{"step": 2000, "mode": "both", "answer": 0.2266, "local": 1.0, "composition_tv": 0.9146402478218079, "gradient_cosine": 0.03248237022562747, "elapsed_seconds": 174.0}
Saved comparison to /home/hariguru/aayus/trace/results/executor_comparison/depth_replication/depth6_seed42
