{"step": 0, "mode": "process", "answer": 0.0117, "local": 0.06370192021131516, "composition_tv": 1.0, "gradient_cosine": null, "elapsed_seconds": 0.8}
{"step": 0, "mode": "outcome", "answer": 0.0, "local": null, "composition_tv": null, "gradient_cosine": null, "elapsed_seconds": 0.9}
{"step": 0, "mode": "both", "answer": 0.0117, "local": 0.06370192021131516, "composition_tv": 0.705595850944519, "gradient_cosine": 0.4224098864737414, "elapsed_seconds": 3.0}
trained 100/2000; elapsed 17.1s
{"step": 100, "mode": "process", "answer": 0.2109, "local": 0.6899038553237915, "composition_tv": 0.8127530813217163, "gradient_cosine": null, "elapsed_seconds": 18.0}
{"step": 100, "mode": "outcome", "answer": 0.0938, "local": null, "composition_tv": null, "gradient_cosine": null, "elapsed_seconds": 18.0}
{"step": 100, "mode": "both", "answer": 0.0781, "local": 0.567307710647583, "composition_tv": 0.24947801232337952, "gradient_cosine": 0.673962579161481, "elapsed_seconds": 20.1}
trained 200/2000; elapsed 33.0s
trained 300/2000; elapsed 39.7s
trained 400/2000; elapsed 46.0s
trained 500/2000; elapsed 52.3s
{"step": 500, "mode": "process", "answer": 1.0, "local": 1.0, "composition_tv": 0.00804256834089756, "gradient_cosine": null, "elapsed_seconds": 53.1}
{"step": 500, "mode": "outcome", "answer": 0.0977, "local": null, "composition_tv": null, "gradient_cosine": null, "elapsed_seconds": 53.1}
{"step": 500, "mode": "both", "answer": 0.1055, "local": 1.0, "composition_tv": 0.8495486974716187, "gradient_cosine": 0.1913548035185129, "elapsed_seconds": 55.1}
trained 600/2000; elapsed 67.9s
trained 700/2000; elapsed 74.4s
trained 800/2000; elapsed 81.0s
trained 900/2000; elapsed 87.5s
trained 1000/2000; elapsed 94.4s
{"step": 1000, "mode": "process", "answer": 1.0, "local": 1.0, "composition_tv": 0.0027836475055664778, "gradient_cosine": null, "elapsed_seconds": 95.1}
{"step": 1000, "mode": "outcome", "answer": 0.0508, "local": null, "composition_tv": null, "gradient_cosine": null, "elapsed_seconds": 95.1}
{"step": 1000, "mode": "both", "answer": 0.0898, "local": 1.0, "composition_tv": 0.894488513469696, "gradient_cosine": 0.11932684127549142, "elapsed_seconds": 97.0}
trained 1100/2000; elapsed 109.9s
trained 1200/2000; elapsed 116.6s
trained 1300/2000; elapsed 123.3s
trained 1400/2000; elapsed 129.9s
trained 1500/2000; elapsed 136.6s
trained 1600/2000; elapsed 143.4s
trained 1700/2000; elapsed 150.0s
trained 1800/2000; elapsed 156.7s
trained 1900/2000; elapsed 163.5s
trained 2000/2000; elapsed 170.3s
{"step": 2000, "mode": "process", "answer": 1.0, "local": 1.0, "composition_tv": 0.001493333838880062, "gradient_cosine": null, "elapsed_seconds": 171.2}
{"step": 2000, "mode": "outcome", "answer": 0.043, "local": null, "composition_tv": null, "gradient_cosine": null, "elapsed_seconds": 171.2}
{"step": 2000, "mode": "both", "answer": 0.2344, "local": 1.0, "composition_tv": 0.87537682056427, "gradient_cosine": 0.03524761741148886, "elapsed_seconds": 173.2}
Saved comparison to /home/hariguru/aayus/trace/results/executor_comparison/depth_replication/depth6_seed43
