{"step": 0, "mode": "process", "answer": 0.0, "local": 0.0625, "composition_tv": 1.0, "gradient_cosine": null, "elapsed_seconds": 0.9}
{"step": 0, "mode": "outcome", "answer": 0.0, "local": null, "composition_tv": null, "gradient_cosine": null, "elapsed_seconds": 1.0}
{"step": 0, "mode": "both", "answer": 0.0, "local": 0.0625, "composition_tv": 0.7943852543830872, "gradient_cosine": 0.28926656222517383, "elapsed_seconds": 3.2}
trained 100/2000; elapsed 16.6s
{"step": 100, "mode": "process", "answer": 0.1602, "local": 0.6862980723381042, "composition_tv": 0.7927780747413635, "gradient_cosine": null, "elapsed_seconds": 17.4}
{"step": 100, "mode": "outcome", "answer": 0.1211, "local": null, "composition_tv": null, "gradient_cosine": null, "elapsed_seconds": 17.5}
{"step": 100, "mode": "both", "answer": 0.0742, "local": 0.5757211446762085, "composition_tv": 0.21137747168540955, "gradient_cosine": 0.6629549164791355, "elapsed_seconds": 19.2}
trained 200/2000; elapsed 31.9s
trained 300/2000; elapsed 38.6s
trained 400/2000; elapsed 45.5s
trained 500/2000; elapsed 52.2s
{"step": 500, "mode": "process", "answer": 1.0, "local": 1.0, "composition_tv": 0.006624150089919567, "gradient_cosine": null, "elapsed_seconds": 53.1}
{"step": 500, "mode": "outcome", "answer": 0.0938, "local": null, "composition_tv": null, "gradient_cosine": null, "elapsed_seconds": 53.2}
{"step": 500, "mode": "both", "answer": 0.0938, "local": 0.9987980723381042, "composition_tv": 0.8516041040420532, "gradient_cosine": 0.033428617454969355, "elapsed_seconds": 55.1}
trained 600/2000; elapsed 67.6s
trained 700/2000; elapsed 74.3s
trained 800/2000; elapsed 81.2s
trained 900/2000; elapsed 88.2s
trained 1000/2000; elapsed 94.9s
{"step": 1000, "mode": "process", "answer": 1.0, "local": 1.0, "composition_tv": 0.0017623119056224823, "gradient_cosine": null, "elapsed_seconds": 95.7}
{"step": 1000, "mode": "outcome", "answer": 0.1172, "local": null, "composition_tv": null, "gradient_cosine": null, "elapsed_seconds": 95.8}
{"step": 1000, "mode": "both", "answer": 0.082, "local": 1.0, "composition_tv": 0.8787277340888977, "gradient_cosine": 0.023426217368713906, "elapsed_seconds": 97.8}
trained 1100/2000; elapsed 110.3s
trained 1200/2000; elapsed 117.0s
trained 1300/2000; elapsed 124.0s
trained 1400/2000; elapsed 130.7s
trained 1500/2000; elapsed 137.4s
trained 1600/2000; elapsed 144.1s
trained 1700/2000; elapsed 150.3s
trained 1800/2000; elapsed 157.0s
trained 1900/2000; elapsed 163.3s
trained 2000/2000; elapsed 169.8s
{"step": 2000, "mode": "process", "answer": 1.0, "local": 1.0, "composition_tv": 0.000512173748575151, "gradient_cosine": null, "elapsed_seconds": 170.6}
{"step": 2000, "mode": "outcome", "answer": 0.0703, "local": null, "composition_tv": null, "gradient_cosine": null, "elapsed_seconds": 170.6}
{"step": 2000, "mode": "both", "answer": 0.1797, "local": 1.0, "composition_tv": 0.902134895324707, "gradient_cosine": 0.057709371715689746, "elapsed_seconds": 172.7}
Saved comparison to /home/hariguru/aayus/trace/results/executor_comparison/depth_replication/depth6_seed45
