{"step": 0, "mode": "process", "answer": 0.0, "local": 0.06370192021131516, "composition_tv": 1.0, "gradient_cosine": null, "elapsed_seconds": 0.5}
{"step": 0, "mode": "outcome", "answer": 0.0, "local": null, "composition_tv": null, "gradient_cosine": null, "elapsed_seconds": 0.5}
{"step": 0, "mode": "both", "answer": 0.0, "local": 0.06370192021131516, "composition_tv": 0.7455861568450928, "gradient_cosine": 0.2876837614592925, "elapsed_seconds": 2.0}
trained 100/2000; elapsed 13.6s
{"step": 100, "mode": "process", "answer": 0.2227, "local": 0.6682692170143127, "composition_tv": 0.7986370325088501, "gradient_cosine": null, "elapsed_seconds": 14.1}
{"step": 100, "mode": "outcome", "answer": 0.1289, "local": null, "composition_tv": null, "gradient_cosine": null, "elapsed_seconds": 14.2}
{"step": 100, "mode": "both", "answer": 0.0781, "local": 0.5865384340286255, "composition_tv": 0.24715840816497803, "gradient_cosine": 0.5642094851841698, "elapsed_seconds": 15.6}
trained 200/2000; elapsed 28.2s
trained 300/2000; elapsed 33.7s
trained 400/2000; elapsed 39.0s
trained 500/2000; elapsed 44.5s
{"step": 500, "mode": "process", "answer": 1.0, "local": 1.0, "composition_tv": 0.006426185369491577, "gradient_cosine": null, "elapsed_seconds": 45.0}
{"step": 500, "mode": "outcome", "answer": 0.125, "local": null, "composition_tv": null, "gradient_cosine": null, "elapsed_seconds": 45.0}
{"step": 500, "mode": "both", "answer": 0.2344, "local": 0.9987980723381042, "composition_tv": 0.811339259147644, "gradient_cosine": 0.13703942448803877, "elapsed_seconds": 46.5}
trained 600/2000; elapsed 58.5s
trained 700/2000; elapsed 63.7s
trained 800/2000; elapsed 68.8s
trained 900/2000; elapsed 73.8s
trained 1000/2000; elapsed 78.7s
{"step": 1000, "mode": "process", "answer": 1.0, "local": 1.0, "composition_tv": 0.0019057212630286813, "gradient_cosine": null, "elapsed_seconds": 79.1}
{"step": 1000, "mode": "outcome", "answer": 0.1953, "local": null, "composition_tv": null, "gradient_cosine": null, "elapsed_seconds": 79.1}
{"step": 1000, "mode": "both", "answer": 0.2773, "local": 0.9975961446762085, "composition_tv": 0.8251839876174927, "gradient_cosine": 0.07423675517123995, "elapsed_seconds": 80.4}
trained 1100/2000; elapsed 91.4s
trained 1200/2000; elapsed 96.0s
trained 1300/2000; elapsed 100.8s
trained 1400/2000; elapsed 105.4s
trained 1500/2000; elapsed 110.4s
trained 1600/2000; elapsed 115.2s
trained 1700/2000; elapsed 119.8s
trained 1800/2000; elapsed 124.6s
trained 1900/2000; elapsed 129.5s
trained 2000/2000; elapsed 134.1s
{"step": 2000, "mode": "process", "answer": 1.0, "local": 1.0, "composition_tv": 0.0005772763979621232, "gradient_cosine": null, "elapsed_seconds": 134.6}
{"step": 2000, "mode": "outcome", "answer": 0.1953, "local": null, "composition_tv": null, "gradient_cosine": null, "elapsed_seconds": 134.6}
{"step": 2000, "mode": "both", "answer": 0.2891, "local": 1.0, "composition_tv": 0.7939415574073792, "gradient_cosine": -0.0043427173912417615, "elapsed_seconds": 136.1}
Saved comparison to /home/hariguru/aayus/trace/results/executor_comparison/depth_replication/depth4_seed45
