{"step": 0, "mode": "process", "answer": 0.0, "local": 0.06009615212678909, "composition_tv": 1.0, "gradient_cosine": null, "elapsed_seconds": 0.8}
{"step": 0, "mode": "outcome", "answer": 0.0, "local": null, "composition_tv": null, "gradient_cosine": null, "elapsed_seconds": 0.9}
{"step": 0, "mode": "both", "answer": 0.0, "local": 0.06009615212678909, "composition_tv": 0.7728136777877808, "gradient_cosine": 0.32575066558748017, "elapsed_seconds": 2.9}
trained 100/2000; elapsed 16.7s
{"step": 100, "mode": "process", "answer": 0.1484, "local": 0.6538461446762085, "composition_tv": 0.8077294230461121, "gradient_cosine": null, "elapsed_seconds": 17.5}
{"step": 100, "mode": "outcome", "answer": 0.0664, "local": null, "composition_tv": null, "gradient_cosine": null, "elapsed_seconds": 17.6}
{"step": 100, "mode": "both", "answer": 0.0703, "local": 0.578125, "composition_tv": 0.22146651148796082, "gradient_cosine": 0.5193277370095675, "elapsed_seconds": 19.5}
trained 200/2000; elapsed 32.0s
trained 300/2000; elapsed 38.7s
trained 400/2000; elapsed 45.1s
trained 500/2000; elapsed 51.7s
{"step": 500, "mode": "process", "answer": 1.0, "local": 1.0, "composition_tv": 0.008087996393442154, "gradient_cosine": null, "elapsed_seconds": 52.6}
{"step": 500, "mode": "outcome", "answer": 0.0938, "local": null, "composition_tv": null, "gradient_cosine": null, "elapsed_seconds": 52.6}
{"step": 500, "mode": "both", "answer": 0.1016, "local": 1.0, "composition_tv": 0.8659790754318237, "gradient_cosine": 0.2035880127660009, "elapsed_seconds": 54.5}
trained 600/2000; elapsed 67.7s
trained 700/2000; elapsed 74.4s
trained 800/2000; elapsed 81.1s
trained 900/2000; elapsed 87.7s
trained 1000/2000; elapsed 93.9s
{"step": 1000, "mode": "process", "answer": 1.0, "local": 1.0, "composition_tv": 0.0024523420725017786, "gradient_cosine": null, "elapsed_seconds": 94.7}
{"step": 1000, "mode": "outcome", "answer": 0.0938, "local": null, "composition_tv": null, "gradient_cosine": null, "elapsed_seconds": 94.7}
{"step": 1000, "mode": "both", "answer": 0.082, "local": 1.0, "composition_tv": 0.9053558111190796, "gradient_cosine": 0.054732186356173766, "elapsed_seconds": 96.7}
trained 1100/2000; elapsed 108.9s
trained 1200/2000; elapsed 115.1s
trained 1300/2000; elapsed 121.8s
trained 1400/2000; elapsed 128.4s
trained 1500/2000; elapsed 134.8s
trained 1600/2000; elapsed 141.3s
trained 1700/2000; elapsed 147.8s
trained 1800/2000; elapsed 154.2s
trained 1900/2000; elapsed 160.8s
trained 2000/2000; elapsed 167.1s
{"step": 2000, "mode": "process", "answer": 1.0, "local": 1.0, "composition_tv": 0.0007889598491601646, "gradient_cosine": null, "elapsed_seconds": 168.1}
{"step": 2000, "mode": "outcome", "answer": 0.0898, "local": null, "composition_tv": null, "gradient_cosine": null, "elapsed_seconds": 168.1}
{"step": 2000, "mode": "both", "answer": 0.2031, "local": 1.0, "composition_tv": 0.9061735272407532, "gradient_cosine": 0.024948900698638636, "elapsed_seconds": 170.1}
Saved comparison to /home/hariguru/aayus/trace/results/executor_comparison/depth_replication/depth6_seed46
